MPLINK 4.49, Linker
Linker Map File - Created Fri Nov 30 15:59:04 2018

                                 Section Info
                  Section       Type    Address   Location Size(Bytes)
                ---------  ---------  ---------  ---------  ---------
                   .org_0       code   0x000000    program   0x000000
                   .org_1       code   0x000000    program   0x0000a8



                              Program Memory Usage 
                               Start         End      
                           ---------   ---------      
                            0x000000    0x000053      
            84 out of 8454 program addresses used, program memory utilization is 0%



                              Symbols - Sorted by Name
                     Name    Address   Location    Storage File                     
                ---------  ---------  ---------  --------- ---------                
                ANA_METOT   0x000001    program     static D:\mikroislemciler\2018GuzDonemi\60.uygulama\uygulama-60.asm
                    DONGU   0x000053    program     static D:\mikroislemciler\2018GuzDonemi\60.uygulama\uygulama-60.asm
                     ISIM   0x00000c    program     static D:\mikroislemciler\2018GuzDonemi\60.uygulama\uygulama-60.asm
                KOMUT_YAZ   0x000029    program     static D:\mikroislemciler\2018GuzDonemi\60.uygulama\uygulama-60.asm
                   KONUM1   0x00000a    program     static D:\mikroislemciler\2018GuzDonemi\60.uygulama\uygulama-60.asm
                   KONUM2   0x000015    program     static D:\mikroislemciler\2018GuzDonemi\60.uygulama\uygulama-60.asm
              SET_DISPLAY   0x000020    program     static D:\mikroislemciler\2018GuzDonemi\60.uygulama\uygulama-60.asm
                  SOYISIM   0x000017    program     static D:\mikroislemciler\2018GuzDonemi\60.uygulama\uygulama-60.asm
                   TABLO1   0x000045    program     static D:\mikroislemciler\2018GuzDonemi\60.uygulama\uygulama-60.asm
                   TABLO2   0x00004c    program     static D:\mikroislemciler\2018GuzDonemi\60.uygulama\uygulama-60.asm
                 VERI_YAZ   0x000037    program     static D:\mikroislemciler\2018GuzDonemi\60.uygulama\uygulama-60.asm



                              Symbols - Sorted by Address
                     Name    Address   Location    Storage File                     
                ---------  ---------  ---------  --------- ---------                
                ANA_METOT   0x000001    program     static D:\mikroislemciler\2018GuzDonemi\60.uygulama\uygulama-60.asm
                   KONUM1   0x00000a    program     static D:\mikroislemciler\2018GuzDonemi\60.uygulama\uygulama-60.asm
                     ISIM   0x00000c    program     static D:\mikroislemciler\2018GuzDonemi\60.uygulama\uygulama-60.asm
                   KONUM2   0x000015    program     static D:\mikroislemciler\2018GuzDonemi\60.uygulama\uygulama-60.asm
                  SOYISIM   0x000017    program     static D:\mikroislemciler\2018GuzDonemi\60.uygulama\uygulama-60.asm
              SET_DISPLAY   0x000020    program     static D:\mikroislemciler\2018GuzDonemi\60.uygulama\uygulama-60.asm
                KOMUT_YAZ   0x000029    program     static D:\mikroislemciler\2018GuzDonemi\60.uygulama\uygulama-60.asm
                 VERI_YAZ   0x000037    program     static D:\mikroislemciler\2018GuzDonemi\60.uygulama\uygulama-60.asm
                   TABLO1   0x000045    program     static D:\mikroislemciler\2018GuzDonemi\60.uygulama\uygulama-60.asm
                   TABLO2   0x00004c    program     static D:\mikroislemciler\2018GuzDonemi\60.uygulama\uygulama-60.asm
                    DONGU   0x000053    program     static D:\mikroislemciler\2018GuzDonemi\60.uygulama\uygulama-60.asm


